###############################################################################
#
# IAR ELF Linker V8.50.9.278/W32 for ARM                  06/Jan/2021  16:34:59
# Copyright 2007-2020 IAR Systems AB.
#
#    Output file  =
#        C:\Users\anieb\Documents\Courses\Embedded Systems Programming -
#        Youtube\Lesson 14 - Startup Code - Part 2\Debug\Exe\Counting.out
#    Map file     =
#        C:\Users\anieb\Documents\Courses\Embedded Systems Programming -
#        Youtube\Lesson 14 - Startup Code - Part 2\Debug\List\Counting.map
#    Command line =
#        -f C:\Users\anieb\AppData\Local\Temp\EW8042.tmp
#        ("C:\Users\anieb\Documents\Courses\Embedded Systems Programming -
#        Youtube\Lesson 14 - Startup Code - Part 2\Debug\Obj\delay.o"
#        "C:\Users\anieb\Documents\Courses\Embedded Systems Programming -
#        Youtube\Lesson 14 - Startup Code - Part 2\Debug\Obj\main.o"
#        --no_out_extension -o "C:\Users\anieb\Documents\Courses\Embedded
#        Systems Programming - Youtube\Lesson 14 - Startup Code - Part
#        2\Debug\Exe\Counting.out" --redirect _Printf=_PrintfFullNoMb
#        --redirect _Scanf=_ScanfFullNoMb --map
#        "C:\Users\anieb\Documents\Courses\Embedded Systems Programming -
#        Youtube\Lesson 14 - Startup Code - Part 2\Debug\List\Counting.map"
#        --config "C:\Program Files (x86)\IAR Systems\Embedded Workbench
#        8.4\arm\config\linker\TexasInstruments\TM4C123GE6.icf" --semihosting
#        --entry __iar_program_start --vfe --text_out locale)
#
###############################################################################

*******************************************************************************
*** RUNTIME MODEL ATTRIBUTES
***

CppFlavor       = *
__SystemLibrary = DLib
__dlib_version  = 6


*******************************************************************************
*** HEAP SELECTION
***

The basic heap was selected because some modules are built with
size limitations (and not runtime checking), and --advanced_heap
was not specified.


*******************************************************************************
*** PLACEMENT SUMMARY
***

"A0":  place at address 0x0 { ro section .intvec };
"P1":  place in [from 0x0 to 0x1'ffff] { ro };
define block CSTACK with size = 4K, alignment = 8 { };
define block HEAP with size = 8K, alignment = 8 { };
"P2":  place in [from 0x2000'0000 to 0x2000'7fff] {
          rw, block CSTACK, block HEAP };
initialize by copy { rw };

  Section            Kind         Address    Size  Object
  -------            ----         -------    ----  ------
"A0":                                        0x40
  .intvec            ro code          0x0    0x40  vector_table_M.o [4]
                                   - 0x40    0x40

"P1":                                       0x1db
  .text              ro code         0x40    0xb8  main.o [1]
  .text              ro code         0xf8    0x18  delay.o [1]
  .text              ro code        0x110    0x38  packbits_init_single.o [4]
  .text              ro code        0x148    0x28  data_init.o [4]
  .text              ro code        0x170    0x22  fpinit_M.o [3]
  .iar.init_table    const          0x194    0x10  - Linker created -
  .text              ro code        0x1a4     0x2  vector_table_M.o [4]
  .text              ro code        0x1a8    0x1e  cmain.o [4]
  .text              ro code        0x1c6     0x4  low_level_init.o [2]
  .text              ro code        0x1ca     0x4  exit.o [2]
  .text              ro code        0x1d0     0xa  cexit.o [4]
  .text              ro code        0x1dc    0x14  exit.o [5]
  .text              ro code        0x1f0    0x1c  cstartup_M.o [4]
  .rodata            const          0x20c     0x0  packbits_init_single.o [4]
  Initializer bytes  const          0x20c     0xf  <for P2-1>
                                  - 0x21b   0x1db

"P2", part 1 of 2:                           0x24
  P2-1                        0x2000'0000    0x24  <Init block>
    .data            inited   0x2000'0000     0x4  main.o [1]
    .data            inited   0x2000'0004     0x8  main.o [1]
    .bss             inited   0x2000'000c     0x4  main.o [1]
    .bss             inited   0x2000'0010     0x8  main.o [1]
    .bss             inited   0x2000'0018     0xc  main.o [1]
                            - 0x2000'0024    0x24

"P2", part 2 of 2:                         0x1000
  CSTACK                      0x2000'0028  0x1000  <Block>
    CSTACK           uninit   0x2000'0028  0x1000  <Block tail>
                            - 0x2000'1028  0x1000

Unused ranges:

         From           To      Size
         ----           --      ----
        0x21b     0x1'ffff  0x1'fde5
  0x2000'0024  0x2000'0027       0x4
  0x2000'1028  0x2000'7fff    0x6fd8


*******************************************************************************
*** INIT TABLE
***

          Address      Size
          -------      ----
Copy/packbits (__iar_packbits_init_single3)
    1 source range, total size 0xf (41% of destination):
                0x20c   0xf
    1 destination range, total size 0x24:
          0x2000'0000  0x24



*******************************************************************************
*** MODULE SUMMARY
***

    Module                  ro code  ro data  rw data
    ------                  -------  -------  -------
command line/config:
    -------------------------------------------------
    Total:

C:\Users\anieb\Documents\Courses\Embedded Systems Programming - Youtube\Lesson 14 - Startup Code - Part 2\Debug\Obj: [1]
    delay.o                      24
    main.o                      184       15       36
    -------------------------------------------------
    Total:                      208       15       36

dl7M_tln.a: [2]
    exit.o                        4
    low_level_init.o              4
    -------------------------------------------------
    Total:                        8

m7M_tls.a: [3]
    fpinit_M.o                   34
    -------------------------------------------------
    Total:                       34

rt7M_tl.a: [4]
    cexit.o                      10
    cmain.o                      30
    cstartup_M.o                 28
    data_init.o                  40
    packbits_init_single.o       56
    vector_table_M.o             66
    -------------------------------------------------
    Total:                      230

shb_l.a: [5]
    exit.o                       20
    -------------------------------------------------
    Total:                       20

    Gaps                          6        2
    Linker created                        16    4'096
-----------------------------------------------------
    Grand Total:                506       33    4'132


*******************************************************************************
*** ENTRY LIST
***

Entry                       Address  Size  Type      Object
-----                       -------  ----  ----      ------
.iar.init_table$$Base         0x194         --   Gb  - Linker created -
.iar.init_table$$Limit        0x1a4         --   Gb  - Linker created -
?main                         0x1a9        Code  Gb  cmain.o [4]
CSTACK$$Base            0x2000'0028         --   Gb  - Linker created -
CSTACK$$Limit           0x2000'1028         --   Gb  - Linker created -
Region$$Table$$Base           0x194         --   Gb  - Linker created -
Region$$Table$$Limit          0x1a4         --   Gb  - Linker created -
__cmain                       0x1a9        Code  Gb  cmain.o [4]
__exit                        0x1dd  0x14  Code  Gb  exit.o [5]
__iar_data_init3              0x149  0x28  Code  Gb  data_init.o [4]
__iar_init_vfp                0x171        Code  Gb  fpinit_M.o [3]
__iar_packbits_init_single3
                              0x111  0x38  Code  Gb  packbits_init_single.o [4]
__iar_program_start           0x1f1        Code  Gb  cstartup_M.o [4]
__low_level_init              0x1c7   0x4  Code  Gb  low_level_init.o [2]
__vector_table                  0x0        Data  Gb  vector_table_M.o [4]
_call_main                    0x1b5        Code  Gb  cmain.o [4]
_exit                         0x1d1        Code  Gb  cexit.o [4]
_main                         0x1bf        Code  Gb  cmain.o [4]
delay                          0xf9  0x18  Code  Gb  delay.o [1]
exit                          0x1cb   0x4  Code  Gb  exit.o [2]
main                           0x41  0xb8  Code  Gb  main.o [1]
p1                      0x2000'0000   0x4  Data  Gb  main.o [1]
p2                      0x2000'000c   0x4  Data  Gb  main.o [1]
t                       0x2000'0018   0xc  Data  Gb  main.o [1]
w                       0x2000'0004   0x8  Data  Gb  main.o [1]
w2                      0x2000'0010   0x8  Data  Gb  main.o [1]


[1] = C:\Users\anieb\Documents\Courses\Embedded Systems Programming - Youtube\Lesson 14 - Startup Code - Part 2\Debug\Obj
[2] = dl7M_tln.a
[3] = m7M_tls.a
[4] = rt7M_tl.a
[5] = shb_l.a

    506 bytes of readonly  code memory
     33 bytes of readonly  data memory
  4'132 bytes of readwrite data memory

Errors: none
Warnings: none
