###############################################################################
#
# IAR ELF Linker V8.50.9.278/W32 for ARM                  03/Jan/2021  18:56:03
# Copyright 2007-2020 IAR Systems AB.
#
#    Output file  =
#        C:\Users\anieb\Documents\Courses\Embedded Systems Programming -
#        Youtube\Lesson 10 - Pitfalls of Functions\Debug\Exe\Counting.out
#    Map file     =
#        C:\Users\anieb\Documents\Courses\Embedded Systems Programming -
#        Youtube\Lesson 10 - Pitfalls of Functions\Debug\List\Counting.map
#    Command line =
#        -f C:\Users\anieb\AppData\Local\Temp\EW9173.tmp
#        ("C:\Users\anieb\Documents\Courses\Embedded Systems Programming -
#        Youtube\Lesson 10 - Pitfalls of Functions\Debug\Obj\delay.o"
#        "C:\Users\anieb\Documents\Courses\Embedded Systems Programming -
#        Youtube\Lesson 10 - Pitfalls of Functions\Debug\Obj\main.o"
#        --no_out_extension -o "C:\Users\anieb\Documents\Courses\Embedded
#        Systems Programming - Youtube\Lesson 10 - Pitfalls of
#        Functions\Debug\Exe\Counting.out" --redirect _Printf=_PrintfFullNoMb
#        --redirect _Scanf=_ScanfFullNoMb --map
#        "C:\Users\anieb\Documents\Courses\Embedded Systems Programming -
#        Youtube\Lesson 10 - Pitfalls of Functions\Debug\List\Counting.map"
#        --config "C:\Program Files (x86)\IAR Systems\Embedded Workbench
#        8.4\arm\config\linker\TexasInstruments\TM4C123GE6.icf" --semihosting
#        --entry __iar_program_start --vfe --text_out locale)
#
###############################################################################

*******************************************************************************
*** RUNTIME MODEL ATTRIBUTES
***

CppFlavor       = *
__SystemLibrary = DLib
__dlib_version  = 6


*******************************************************************************
*** HEAP SELECTION
***

The basic heap was selected because some modules are built with
size limitations (and not runtime checking), and --advanced_heap
was not specified.


*******************************************************************************
*** PLACEMENT SUMMARY
***

"A0":  place at address 0x0 { ro section .intvec };
"P1":  place in [from 0x0 to 0x1'ffff] { ro };
define block CSTACK with size = 4K, alignment = 8 { };
define block HEAP with size = 8K, alignment = 8 { };
"P2":  place in [from 0x2000'0000 to 0x2000'7fff] {
          rw, block CSTACK, block HEAP };

  Section          Kind         Address    Size  Object
  -------          ----         -------    ----  ------
"A0":                                      0x40
  .intvec          ro code          0x0    0x40  vector_table_M.o [4]
                                 - 0x40    0x40

"P1":                                     0x1a8
  .text            ro code         0x40    0x94  main.o [1]
  .text            ro code         0xd4    0x18  delay.o [1]
  .text            ro code         0xec    0x3a  zero_init3.o [4]
  .text            ro code        0x126     0x2  vector_table_M.o [4]
  .text            ro code        0x128    0x28  data_init.o [4]
  .text            ro code        0x150    0x22  fpinit_M.o [3]
  .iar.init_table  const          0x174    0x10  - Linker created -
  .text            ro code        0x184    0x1e  cmain.o [4]
  .text            ro code        0x1a2     0x4  low_level_init.o [2]
  .text            ro code        0x1a6     0x4  exit.o [2]
  .text            ro code        0x1ac     0xa  cexit.o [4]
  .text            ro code        0x1b8    0x14  exit.o [5]
  .text            ro code        0x1cc    0x1c  cstartup_M.o [4]
  .rodata          const          0x1e8     0x0  zero_init3.o [4]
                                - 0x1e8   0x1a8

"P2", part 1 of 2:                          0x8
  .bss             zero     0x2000'0000     0x8  main.o [1]
                          - 0x2000'0008     0x8

"P2", part 2 of 2:                       0x1000
  CSTACK                    0x2000'0008  0x1000  <Block>
    CSTACK         uninit   0x2000'0008  0x1000  <Block tail>
                          - 0x2000'1008  0x1000

Unused ranges:

         From           To      Size
         ----           --      ----
        0x1e8     0x1'ffff  0x1'fe18
  0x2000'1008  0x2000'7fff    0x6ff8


*******************************************************************************
*** INIT TABLE
***

          Address      Size
          -------      ----
Zero (__iar_zero_init3)
    1 destination range, total size 0x8:
          0x2000'0000   0x8



*******************************************************************************
*** MODULE SUMMARY
***

    Module            ro code  ro data  rw data
    ------            -------  -------  -------
command line/config:
    -------------------------------------------
    Total:

C:\Users\anieb\Documents\Courses\Embedded Systems Programming - Youtube\Lesson 10 - Pitfalls of Functions\Debug\Obj: [1]
    delay.o                24
    main.o                148                 8
    -------------------------------------------
    Total:                172                 8

dl7M_tln.a: [2]
    exit.o                  4
    low_level_init.o        4
    -------------------------------------------
    Total:                  8

m7M_tls.a: [3]
    fpinit_M.o             34
    -------------------------------------------
    Total:                 34

rt7M_tl.a: [4]
    cexit.o                10
    cmain.o                30
    cstartup_M.o           28
    data_init.o            40
    vector_table_M.o       66
    zero_init3.o           58
    -------------------------------------------
    Total:                232

shb_l.a: [5]
    exit.o                 20
    -------------------------------------------
    Total:                 20

    Gaps                    4        2
    Linker created                  16    4'096
-----------------------------------------------
    Grand Total:          470       18    4'104


*******************************************************************************
*** ENTRY LIST
***

Entry                       Address  Size  Type      Object
-----                       -------  ----  ----      ------
.iar.init_table$$Base         0x174         --   Gb  - Linker created -
.iar.init_table$$Limit        0x184         --   Gb  - Linker created -
?main                         0x185        Code  Gb  cmain.o [4]
CSTACK$$Base            0x2000'0008         --   Gb  - Linker created -
CSTACK$$Limit           0x2000'1008         --   Gb  - Linker created -
Region$$Table$$Base           0x174         --   Gb  - Linker created -
Region$$Table$$Limit          0x184         --   Gb  - Linker created -
__cmain                       0x185        Code  Gb  cmain.o [4]
__exit                        0x1b9  0x14  Code  Gb  exit.o [5]
__iar_data_init3              0x129  0x28  Code  Gb  data_init.o [4]
__iar_init_vfp                0x151        Code  Gb  fpinit_M.o [3]
__iar_program_start           0x1cd        Code  Gb  cstartup_M.o [4]
__iar_zero_init3               0xed  0x3a  Code  Gb  zero_init3.o [4]
__low_level_init              0x1a3   0x4  Code  Gb  low_level_init.o [2]
__vector_table                  0x0        Data  Gb  vector_table_M.o [4]
_call_main                    0x191        Code  Gb  cmain.o [4]
_exit                         0x1ad        Code  Gb  cexit.o [4]
_main                         0x19b        Code  Gb  cmain.o [4]
delay                          0xd5  0x18  Code  Gb  delay.o [1]
exit                          0x1a7   0x4  Code  Gb  exit.o [2]
main                           0x57  0x5a  Code  Gb  main.o [1]
swap                           0x41  0x16  Code  Gb  main.o [1]
swap::temp              0x2000'0000   0x8  Data  Lc  main.o [1]


[1] = C:\Users\anieb\Documents\Courses\Embedded Systems Programming - Youtube\Lesson 10 - Pitfalls of Functions\Debug\Obj
[2] = dl7M_tln.a
[3] = m7M_tls.a
[4] = rt7M_tl.a
[5] = shb_l.a

    470 bytes of readonly  code memory
     18 bytes of readonly  data memory
  4'104 bytes of readwrite data memory

Errors: none
Warnings: none
