###############################################################################
#
# IAR ELF Linker V8.50.9.278/W32 for ARM                  29/Jan/2021  19:05:27
# Copyright 2007-2020 IAR Systems AB.
#
#    Output file  =
#        C:\Users\anieb\Documents\Courses\Embedded Systems Programming -
#        Youtube\Lesson 15 - Startup Code - Part 3\Debug\Exe\Counting.out
#    Map file     =
#        C:\Users\anieb\Documents\Courses\Embedded Systems Programming -
#        Youtube\Lesson 15 - Startup Code - Part 3\Debug\List\Counting.map
#    Command line =
#        -f C:\Users\anieb\AppData\Local\Temp\EW542F.tmp
#        ("C:\Users\anieb\Documents\Courses\Embedded Systems Programming -
#        Youtube\Lesson 15 - Startup Code - Part 3\Debug\Obj\bsp.o"
#        "C:\Users\anieb\Documents\Courses\Embedded Systems Programming -
#        Youtube\Lesson 15 - Startup Code - Part 3\Debug\Obj\delay.o"
#        "C:\Users\anieb\Documents\Courses\Embedded Systems Programming -
#        Youtube\Lesson 15 - Startup Code - Part 3\Debug\Obj\main.o"
#        "C:\Users\anieb\Documents\Courses\Embedded Systems Programming -
#        Youtube\Lesson 15 - Startup Code - Part 3\Debug\Obj\startup_tm4c.o"
#        --no_out_extension -o "C:\Users\anieb\Documents\Courses\Embedded
#        Systems Programming - Youtube\Lesson 15 - Startup Code - Part
#        3\Debug\Exe\Counting.out" --redirect _Printf=_PrintfFullNoMb
#        --redirect _Scanf=_ScanfFullNoMb --map
#        "C:\Users\anieb\Documents\Courses\Embedded Systems Programming -
#        Youtube\Lesson 15 - Startup Code - Part 3\Debug\List\Counting.map"
#        --config "C:\Program Files (x86)\IAR Systems\Embedded Workbench
#        8.4\arm\config\linker\TexasInstruments\TM4C123GE6.icf" --semihosting
#        --entry __iar_program_start --vfe --text_out locale)
#
###############################################################################

*******************************************************************************
*** RUNTIME MODEL ATTRIBUTES
***

CppFlavor       = *
__SystemLibrary = DLib
__dlib_version  = 6


*******************************************************************************
*** HEAP SELECTION
***

The basic heap was selected because some modules are built with
size limitations (and not runtime checking), and --advanced_heap
was not specified.


*******************************************************************************
*** PLACEMENT SUMMARY
***

"A0":  place at address 0x0 { ro section .intvec };
"P1":  place in [from 0x0 to 0x1'ffff] { ro };
define block CSTACK with size = 4K, alignment = 8 { };
define block HEAP with size = 8K, alignment = 8 { };
"P2":  place in [from 0x2000'0000 to 0x2000'7fff] {
          rw, block CSTACK, block HEAP };
initialize by copy { rw };

  Section            Kind         Address    Size  Object
  -------            ----         -------    ----  ------
"A0":                                       0x26c
  .intvec            const            0x0   0x26c  startup_tm4c.o [1]
                                  - 0x26c   0x26c

"P1":                                       0x28f
  .text              ro code        0x26c    0xb8  main.o [1]
  .text              ro code        0x324    0x18  delay.o [1]
  .text              ro code        0x33c    0x54  startup_tm4c.o [1]
  .text              ro code        0x390    0x2c  bsp.o [1]
  .text              ro code        0x3bc    0x38  packbits_init_single.o [4]
  .text              ro code        0x3f4    0x28  data_init.o [4]
  .text              ro code        0x41c    0x22  fpinit_M.o [3]
  .iar.init_table    const          0x440    0x10  - Linker created -
  .text              ro code        0x450    0x1e  cmain.o [4]
  .text              ro code        0x46e     0x4  low_level_init.o [2]
  .text              ro code        0x472     0x4  exit.o [2]
  .text              ro code        0x478     0xa  cexit.o [4]
  .text              ro code        0x484    0x14  exit.o [5]
  .text              ro code        0x498    0x1c  cstartup_M.o [4]
  .rodata            const          0x4b4     0xc  startup_tm4c.o [1]
  .rodata            const          0x4c0     0xc  startup_tm4c.o [1]
  .rodata            const          0x4cc     0xc  startup_tm4c.o [1]
  .rodata            const          0x4d8     0xc  startup_tm4c.o [1]
  .rodata            const          0x4e4     0x8  startup_tm4c.o [1]
  .rodata            const          0x4ec     0x0  packbits_init_single.o [4]
  Initializer bytes  const          0x4ec     0xf  <for P2-1>
                                  - 0x4fb   0x28f

"P2", part 1 of 2:                           0x24
  P2-1                        0x2000'0000    0x24  <Init block>
    .data            inited   0x2000'0000     0x4  main.o [1]
    .data            inited   0x2000'0004     0x8  main.o [1]
    .bss             inited   0x2000'000c     0x4  main.o [1]
    .bss             inited   0x2000'0010     0x8  main.o [1]
    .bss             inited   0x2000'0018     0xc  main.o [1]
                            - 0x2000'0024    0x24

"P2", part 2 of 2:                         0x1000
  CSTACK                      0x2000'0028  0x1000  <Block>
    CSTACK           uninit   0x2000'0028  0x1000  <Block tail>
                            - 0x2000'1028  0x1000

Unused ranges:

         From           To      Size
         ----           --      ----
        0x4fb     0x1'ffff  0x1'fb05
  0x2000'0024  0x2000'0027       0x4
  0x2000'1028  0x2000'7fff    0x6fd8


*******************************************************************************
*** INIT TABLE
***

          Address      Size
          -------      ----
Copy/packbits (__iar_packbits_init_single3)
    1 source range, total size 0xf (41% of destination):
                0x4ec   0xf
    1 destination range, total size 0x24:
          0x2000'0000  0x24



*******************************************************************************
*** MODULE SUMMARY
***

    Module                  ro code  ro data  rw data
    ------                  -------  -------  -------
command line/config:
    -------------------------------------------------
    Total:

C:\Users\anieb\Documents\Courses\Embedded Systems Programming - Youtube\Lesson 15 - Startup Code - Part 3\Debug\Obj: [1]
    bsp.o                        44
    delay.o                      24
    main.o                      184       15       36
    startup_tm4c.o               84      676
    -------------------------------------------------
    Total:                      336      691       36

dl7M_tln.a: [2]
    exit.o                        4
    low_level_init.o              4
    -------------------------------------------------
    Total:                        8

m7M_tls.a: [3]
    fpinit_M.o                   34
    -------------------------------------------------
    Total:                       34

rt7M_tl.a: [4]
    cexit.o                      10
    cmain.o                      30
    cstartup_M.o                 28
    data_init.o                  40
    packbits_init_single.o       56
    -------------------------------------------------
    Total:                      164

shb_l.a: [5]
    exit.o                       20
    -------------------------------------------------
    Total:                       20

    Gaps                          4        2
    Linker created                        16    4'096
-----------------------------------------------------
    Grand Total:                566      709    4'132


*******************************************************************************
*** ENTRY LIST
***

Entry                       Address   Size  Type      Object
-----                       -------   ----  ----      ------
.iar.init_table$$Base         0x440          --   Gb  - Linker created -
.iar.init_table$$Limit        0x450          --   Gb  - Linker created -
?main                         0x451         Code  Gb  cmain.o [4]
BusFault_Handler              0x35b    0xa  Code  Gb  startup_tm4c.o [1]
CSTACK$$Base            0x2000'0028          --   Gb  - Linker created -
CSTACK$$Limit           0x2000'1028         Data  Gb  - Linker created -
HardFault_Handler             0x33d    0xa  Code  Gb  startup_tm4c.o [1]
MemManage_Handler             0x351    0xa  Code  Gb  startup_tm4c.o [1]
NMI_Handler                   0x347    0xa  Code  Gb  startup_tm4c.o [1]
Region$$Table$$Base           0x440          --   Gb  - Linker created -
Region$$Table$$Limit          0x450          --   Gb  - Linker created -
SysTick_Handler               0x3bb    0x2  Code  Gb  bsp.o [1]
Unused_Handler                0x36f    0xa  Code  Gb  startup_tm4c.o [1]
UsageFault_Handler            0x365    0xa  Code  Gb  startup_tm4c.o [1]
__NVIC_SystemReset            0x391   0x1a  Code  Lc  bsp.o [1]
__cmain                       0x451         Code  Gb  cmain.o [4]
__exit                        0x485   0x14  Code  Gb  exit.o [5]
__iar_data_init3              0x3f5   0x28  Code  Gb  data_init.o [4]
__iar_init_vfp                0x41d         Code  Gb  fpinit_M.o [3]
__iar_packbits_init_single3
                              0x3bd   0x38  Code  Gb  packbits_init_single.o [4]
__iar_program_start           0x499         Code  Gb  cstartup_M.o [4]
__low_level_init              0x46f    0x4  Code  Gb  low_level_init.o [2]
__vector_table                  0x0  0x26c  Data  Gb  startup_tm4c.o [1]
_call_main                    0x45d         Code  Gb  cmain.o [4]
_exit                         0x479         Code  Gb  cexit.o [4]
_main                         0x467         Code  Gb  cmain.o [4]
assert_failed                 0x3b5    0x6  Code  Gb  bsp.o [1]
delay                         0x325   0x18  Code  Gb  delay.o [1]
exit                          0x473    0x4  Code  Gb  exit.o [2]
main                          0x26d   0xb8  Code  Gb  main.o [1]
p1                      0x2000'0000    0x4  Data  Gb  main.o [1]
p2                      0x2000'000c    0x4  Data  Gb  main.o [1]
t                       0x2000'0018    0xc  Data  Gb  main.o [1]
w                       0x2000'0004    0x8  Data  Gb  main.o [1]
w2                      0x2000'0010    0x8  Data  Gb  main.o [1]


[1] = C:\Users\anieb\Documents\Courses\Embedded Systems Programming - Youtube\Lesson 15 - Startup Code - Part 3\Debug\Obj
[2] = dl7M_tln.a
[3] = m7M_tls.a
[4] = rt7M_tl.a
[5] = shb_l.a

    566 bytes of readonly  code memory
    709 bytes of readonly  data memory
  4'132 bytes of readwrite data memory

Errors: none
Warnings: none
