###############################################################################
#
# IAR ELF Linker V8.50.9.278/W32 for ARM                  30/Jan/2021  00:59:45
# Copyright 2007-2020 IAR Systems AB.
#
#    Output file  =
#        C:\Users\anieb\Documents\Courses\Embedded Systems Programming -
#        Youtube\Lesson 16 - Interrupts - Part 1\Debug\Exe\Counting.out
#    Map file     =
#        C:\Users\anieb\Documents\Courses\Embedded Systems Programming -
#        Youtube\Lesson 16 - Interrupts - Part 1\Debug\List\Counting.map
#    Command line =
#        -f C:\Users\anieb\AppData\Local\Temp\EWB4BA.tmp
#        ("C:\Users\anieb\Documents\Courses\Embedded Systems Programming -
#        Youtube\Lesson 16 - Interrupts - Part 1\Debug\Obj\bsp.o"
#        "C:\Users\anieb\Documents\Courses\Embedded Systems Programming -
#        Youtube\Lesson 16 - Interrupts - Part 1\Debug\Obj\main.o"
#        "C:\Users\anieb\Documents\Courses\Embedded Systems Programming -
#        Youtube\Lesson 16 - Interrupts - Part 1\Debug\Obj\startup_tm4c.o"
#        --no_out_extension -o "C:\Users\anieb\Documents\Courses\Embedded
#        Systems Programming - Youtube\Lesson 16 - Interrupts - Part
#        1\Debug\Exe\Counting.out" --redirect _Printf=_PrintfFullNoMb
#        --redirect _Scanf=_ScanfFullNoMb --map
#        "C:\Users\anieb\Documents\Courses\Embedded Systems Programming -
#        Youtube\Lesson 16 - Interrupts - Part 1\Debug\List\Counting.map"
#        --config "C:\Program Files (x86)\IAR Systems\Embedded Workbench
#        8.4\arm\config\linker\TexasInstruments\TM4C123GE6.icf" --semihosting
#        --entry __iar_program_start --vfe --text_out locale)
#
###############################################################################

*******************************************************************************
*** RUNTIME MODEL ATTRIBUTES
***

CppFlavor       = *
__SystemLibrary = DLib
__dlib_version  = 6


*******************************************************************************
*** HEAP SELECTION
***

The basic heap was selected because some modules are built with
size limitations (and not runtime checking), and --advanced_heap
was not specified.


*******************************************************************************
*** PLACEMENT SUMMARY
***

"A0":  place at address 0x0 { ro section .intvec };
"P1":  place in [from 0x0 to 0x1'ffff] { ro };
define block CSTACK with size = 4K, alignment = 8 { };
define block HEAP with size = 8K, alignment = 8 { };
"P2":  place in [from 0x2000'0000 to 0x2000'7fff] {
          rw, block CSTACK, block HEAP };

No sections matched the following patterns:

  rw  in "P2"


  Section   Kind         Address    Size  Object
  -------   ----         -------    ----  ------
"A0":                              0x26c
  .intvec   const            0x0   0x26c  startup_tm4c.o [1]
                         - 0x26c   0x26c

"P1":                              0x1ac
  .text     ro code        0x26c    0x60  main.o [1]
  .text     ro code        0x2cc    0x54  startup_tm4c.o [1]
  .text     ro code        0x320    0x38  bsp.o [1]
  .text     ro code        0x358    0x22  fpinit_M.o [3]
  .text     ro code        0x37c    0x1e  cmain.o [4]
  .text     ro code        0x39a     0x4  low_level_init.o [2]
  .text     ro code        0x39e     0x4  exit.o [2]
  .text     ro code        0x3a4     0xa  cexit.o [4]
  .text     ro code        0x3b0    0x14  exit.o [5]
  .text     ro code        0x3c4    0x1c  cstartup_M.o [4]
  .rodata   const          0x3e0     0xc  startup_tm4c.o [1]
  .rodata   const          0x3ec     0xc  startup_tm4c.o [1]
  .rodata   const          0x3f8     0xc  startup_tm4c.o [1]
  .rodata   const          0x404     0xc  startup_tm4c.o [1]
  .rodata   const          0x410     0x8  startup_tm4c.o [1]
                         - 0x418   0x1ac

"P2":                             0x1000
  CSTACK             0x2000'0000  0x1000  <Block>
    CSTACK  uninit   0x2000'0000  0x1000  <Block tail>
                   - 0x2000'1000  0x1000

Unused ranges:

         From           To      Size
         ----           --      ----
        0x418     0x1'ffff  0x1'fbe8
  0x2000'1000  0x2000'7fff    0x7000



*******************************************************************************
*** MODULE SUMMARY
***

    Module            ro code  ro data  rw data
    ------            -------  -------  -------
command line/config:
    -------------------------------------------
    Total:

C:\Users\anieb\Documents\Courses\Embedded Systems Programming - Youtube\Lesson 16 - Interrupts - Part 1\Debug\Obj: [1]
    bsp.o                  56
    main.o                 96
    startup_tm4c.o         84      676
    -------------------------------------------
    Total:                236      676

dl7M_tln.a: [2]
    exit.o                  4
    low_level_init.o        4
    -------------------------------------------
    Total:                  8

m7M_tls.a: [3]
    fpinit_M.o             34
    -------------------------------------------
    Total:                 34

rt7M_tl.a: [4]
    cexit.o                10
    cmain.o                30
    cstartup_M.o           28
    -------------------------------------------
    Total:                 68

shb_l.a: [5]
    exit.o                 20
    -------------------------------------------
    Total:                 20

    Gaps                    6
    Linker created                        4'096
-----------------------------------------------
    Grand Total:          372      676    4'096


*******************************************************************************
*** ENTRY LIST
***

Entry                     Address   Size  Type      Object
-----                     -------   ----  ----      ------
?main                       0x37d         Code  Gb  cmain.o [4]
BusFault_Handler            0x2eb    0xa  Code  Gb  startup_tm4c.o [1]
CSTACK$$Base          0x2000'0000          --   Gb  - Linker created -
CSTACK$$Limit         0x2000'1000         Data  Gb  - Linker created -
HardFault_Handler           0x2cd    0xa  Code  Gb  startup_tm4c.o [1]
MemManage_Handler           0x2e1    0xa  Code  Gb  startup_tm4c.o [1]
NMI_Handler                 0x2d7    0xa  Code  Gb  startup_tm4c.o [1]
Region$$Table$$Base           0x0          --   Gb  - Linker created -
Region$$Table$$Limit          0x0          --   Gb  - Linker created -
SysTick_Handler             0x341    0xc  Code  Gb  bsp.o [1]
Unused_Handler              0x2ff    0xa  Code  Gb  startup_tm4c.o [1]
UsageFault_Handler          0x2f5    0xa  Code  Gb  startup_tm4c.o [1]
__NVIC_SystemReset          0x321   0x1a  Code  Lc  bsp.o [1]
__cmain                     0x37d         Code  Gb  cmain.o [4]
__exit                      0x3b1   0x14  Code  Gb  exit.o [5]
__iar_init_vfp              0x359         Code  Gb  fpinit_M.o [3]
__iar_program_start         0x3c5         Code  Gb  cstartup_M.o [4]
__low_level_init            0x39b    0x4  Code  Gb  low_level_init.o [2]
__vector_table                0x0  0x26c  Data  Gb  startup_tm4c.o [1]
_call_main                  0x389         Code  Gb  cmain.o [4]
_exit                       0x3a5         Code  Gb  cexit.o [4]
_main                       0x393         Code  Gb  cmain.o [4]
assert_failed               0x33b    0x6  Code  Gb  bsp.o [1]
exit                        0x39f    0x4  Code  Gb  exit.o [2]
main                        0x26d   0x60  Code  Gb  main.o [1]


[1] = C:\Users\anieb\Documents\Courses\Embedded Systems Programming - Youtube\Lesson 16 - Interrupts - Part 1\Debug\Obj
[2] = dl7M_tln.a
[3] = m7M_tls.a
[4] = rt7M_tl.a
[5] = shb_l.a

    372 bytes of readonly  code memory
    676 bytes of readonly  data memory
  4'096 bytes of readwrite data memory

Errors: none
Warnings: none
